// Jest Snapshot v1, https://goo.gl/fbAQLP

exports[`component default properties 1`] = `
Object {
  "attributes": Object {},
  "children": Array [],
  "depth": 0,
  "identifier": null,
  "properties": Object {
    "expanded": false,
    "selected": false,
  },
}
`;

exports[`component render data 1`] = `
<div>
  <div><span class="arrow arrow-down"></span><span class="name">Books</span></div>
  <div class="children">
    <div>
      <div>
        <!--v-if--><span class="name">Fantastic</span>
      </div>
      <!--v-if-->
    </div>
    <div>
      <div>
        <!--v-if--><span class="name">Fantasy</span>
      </div>
      <!--v-if-->
    </div>
    <div>
      <div><span class="arrow arrow-right"></span><span class="name">Adventure</span></div>
      <!--v-if-->
    </div>
  </div>
</div>
`;
