// Jest Snapshot v1, https://goo.gl/fbAQLP

exports[`utils unselect 1`] = `
Array [
  Object {
    "children": Array [
      Object {
        "children": Array [
          Object {
            "children": Array [],
            "properties": Object {
              "selected": false,
            },
          },
        ],
        "properties": Object {
          "selected": false,
        },
      },
    ],
    "properties": Object {
      "selected": false,
    },
  },
]
`;
